bun test v1.2.17 (282dda62)

src/contexts/AuthContext.test.ts:
(pass) AuthContext > LoginCredentials interface > should accept valid login credentials
(pass) AuthContext > LoginCredentials interface > should allow optional rememberMe
(pass) AuthContext > LocalStorage operations > should store and retrieve user data [0.06ms]
(pass) AuthContext > LocalStorage operations > should handle invalid JSON gracefully [0.04ms]

src/services/api.test.ts:
310 | const toAuthResponse = (payload: AuthResponseSchema): AuthResponse => {
311 |   // Decode JWT to get user info
312 |   const jwtResult = decodeJwtPayload(payload.access_token);
313 | 
314 |   if (jwtResult.isErr()) {
315 |     throw new Error('Invalid JWT token received from server');
                ^
error: Invalid JWT token received from server
      at toAuthResponse (/Users/rcs/git/actix-web-rest-api-with-jwt/frontend/src/services/api.ts:315:11)
      at <anonymous> (/Users/rcs/git/actix-web-rest-api-with-jwt/frontend/node_modules/neverthrow/dist/index.cjs.js:133:33)
      at <anonymous> (/Users/rcs/git/actix-web-rest-api-with-jwt/frontend/node_modules/neverthrow/dist/index.cjs.js:43:71)
      at new Promise (1:11)
      at __awaiter (/Users/rcs/git/actix-web-rest-api-with-jwt/frontend/node_modules/neverthrow/dist/index.cjs.js:39:12)
(fail) authService > login > should successfully login with valid credentials [5.73ms]
(pass) authService > login > should handle invalid credentials (401) [0.60ms]
(pass) authService > login > should handle missing credentials (validation error) [0.27ms]
(pass) authService > login > should handle network timeout [3308.06ms]
(pass) authService > login > should handle malformed JSON response [3.82ms]
(pass) authService > login > should validate tenant ID format [0.22ms]
(pass) authService > logout > should successfully logout [1.66ms]
(pass) authService > logout > should handle logout without authentication [0.04ms]
